place_gem({pos={4.0,10.9,8.2}, record="lvl_0003.rec"})
place_block({pos={  4.0, 10.2,  8.2}, size={ 1.0, 0.2, 1.0}, color=0x9fdfef})
block = place_block({pos={ -2.4,  0.8,  3.8}, size={ 1.0, 0.2, 1.0}, color=0x00ffff}); rotate_block(block, {angle= 65.0})
block = place_block({pos={ -5.0,  1.8,  7.6}, size={ 1.5, 0.2, 1.0}, color=0x00ffff}); rotate_block(block, {angle= 40.0})
block = place_block({pos={ -8.2,  2.8, 13.4}, size={ 2.0, 0.2, 1.0}, color=0x00ffff}); rotate_block(block, {angle= 70.0})
block = place_block({pos={ -9.8,  3.8, 20.0}, size={ 2.5, 0.2, 1.0}, color=0x00ffff}); rotate_block(block, {angle= 85.0})
block = place_block({pos={ -9.6,  4.8, 27.6}, size={ 3.0, 0.2, 1.0}, color=0x00ffff}); rotate_block(block, {angle=100.0})
block = place_block({pos={ -7.6,  5.8, 35.6}, size={ 3.5, 0.2, 1.0}, color=0x00ffff}); rotate_block(block, {angle=110.0})
block = place_block({pos={ -3.6,  6.8, 44.0}, size={ 4.0, 0.2, 1.0}, color=0x00ffff}); rotate_block(block, {angle=125.0})
block = place_block({pos={  0.8,  3.5, 44.8}, size={ 1.0, 3.5, 1.0}, color=0x0000ff}); rotate_block(block, {angle=125.0})
block = place_block({pos={ 10.2,  5.0, 38.0}, size={ 1.0, 5.0, 1.0}, color=0x0000ff}); rotate_block(block, {angle=125.0})
block = place_block({pos={  3.4,  3.5, 28.6}, size={ 1.0, 3.5, 1.0}, color=0x0000ff}); rotate_block(block, {angle=125.0})
block = place_block({pos={  5.4,  5.5, 41.4}, size={ 0.8, 0.5, 5.0}, color=0xff00ff}); rotate_block(block, {angle=125.0})
block = place_block({pos={  6.8,  5.5, 33.4}, size={ 0.8, 0.5, 5.0}, color=0xff00ff}); rotate_block(block, {angle= 35.0})
block = place_block({pos={  4.0,  4.5, 22.2}, size={ 1.0, 4.5, 1.0}, color=0x0000ff}); rotate_block(block, {angle=135.0})
place_block({pos={  4.0,  7.5, 22.2}, size={ 3.0, 0.5, 3.0}, color=0xffff00})
place_block({pos={  4.0,  9.2, 18.2}, size={ 1.0, 0.2, 1.0}, color=0xffffff})
place_block({pos={  4.0,  9.2, 14.8}, size={ 1.0, 0.2, 1.0}, color=0xffffff})
place_block({pos={  4.0,  9.2, 11.4}, size={ 1.0, 0.2, 1.0}, color=0xffffff})
