function next()
  load_map("lvl_0003.map")
end
place_gem({pos={6.8,21.9,42.4}, record="lvl_0002.rec", action=next})
block = place_block({pos={6.8,21.25,42.4}, size={1,0.25,1}, color=0x4f6fcf}); rotate_block(block, {angle=160})
place_block({pos={0.8,0.25,5.2}, size={1,0.25,1}, color=0xffffff})
place_block({pos={0.8,1.25,9.2}, size={1,0.25,1}, color=0xffffff})
place_block({pos={0.8,2.25,12.8}, size={1,0.25,1}, color=0xffffff})
block = place_block({pos={2.8,2.75,21.4}, size={1,2.75,1}, color=0x0000ff}); rotate_block(block, {angle=160})
block = place_block({pos={3,3.5,21.6}, size={5,0.5,5}, color=0x00ffff}); rotate_block(block, {angle=135})
block = place_block({pos={6.2,6,24}, size={1,1,1}, color=0xff0000}); rotate_block(block, {angle=120})
block = place_block({pos={7,7,28.4}, size={1,1,1}, color=0xff0000}); rotate_block(block, {angle=85})
block = place_block({pos={6.4,8,32.6}, size={1,1,1}, color=0xff0000}); rotate_block(block, {angle=55})
place_block({pos={2.6,5,35.6}, size={1,5,1}, color=0xffff00})
place_block({pos={0.4,5,35.6}, size={1,5,1}, color=0xffff00})
place_block({pos={-4.8,5,35.6}, size={1,5,1}, color=0xffff00})
place_block({pos={-8.1,5,35.4}, size={1,5,1}, color=0xffff00})
place_block({pos={-11.2,5,35.4}, size={1,5,1}, color=0xffff00})
place_block({pos={-11.2,10.25,31.6}, size={1,0.25,1}, color=0x82ff82})
place_block({pos={-11.2,11.25,28.6}, size={1,0.25,1}, color=0x82ff82})
place_block({pos={-13.1,12.25,25.6}, size={1,0.25,1}, color=0x82ff82})
place_block({pos={-11.2,14.25,22.6}, size={1,0.25,1}, color=0x82ff82})
place_block({pos={-10.6,16.25,25.6}, size={1,0.25,1}, color=0x82ff82})
place_block({pos={-11.2,17.25,28.6}, size={1,0.25,1}, color=0x82ff82})
place_block({pos={-11.2,18.25,31.6}, size={1,0.25,1}, color=0x82ff82})
place_block({pos={-11.2,19.25,35.4}, size={1,0.25,1}, color=0x82ff82})
place_block({pos={-8.1,19.25,35.4}, size={1,0.25,1}, color=0x82ff82})
place_block({pos={-4.8,19.25,35.6}, size={1,0.25,1}, color=0x82ff82})
place_block({pos={0.4,19.25,35.6}, size={1,0.25,1}, color=0x82ff82})
place_block({pos={2.6,19.25,35.6}, size={1,0.25,1}, color=0x82ff82})
block = place_block({pos={6.8,10,42}, size={4,10,4}, color=0x0000ff}); rotate_block(block, {angle=120})
block = place_block({pos={-11.4,0.5,47}, size={5,0.5,2}, color=0xdf00df}); rotate_block(block, {angle=135})
block = place_block({pos={0.8,0.5,52}, size={5,0.5,2}, color=0xdf00df}); rotate_block(block, {angle=171})
block = place_block({pos={14,0.5,49.4}, size={5,0.5,2}, color=0xdf00df}); rotate_block(block, {angle=25})
block = place_block({pos={-9.2,0.5,0.6}, size={5,0.5,2}, color=0xdf00df}); rotate_block(block, {angle=25})
block = place_block({pos={8.4,0.5,2.2}, size={5,0.5,2}, color=0xdf00df}); rotate_block(block, {angle=135})
block = place_block({pos={-1.8,0.5,63.8}, size={5,0.5,2}, color=0xdf00df}); rotate_block(block, {angle=81})
block = place_block({pos={-11.2,0.5,18.4}, size={5,0.5,2}, color=0xdf00df}); rotate_block(block, {angle=81})
