place_gem({pos={-6.4,21.9,14.8}, record="lvl_0004.rec"})
place_block({pos={ -6.4, 21.2, 14.8}, size={ 1.0, 0.2, 1.0}, color=0xffff00})
place_block({pos={  3.0,  1.0,  6.6}, size={ 1.0, 1.0, 1.0}, color=0x00ffff})
place_block({pos={  2.0,  2.0,  9.6}, size={ 1.0, 2.0, 1.0}, color=0x00ffff})
place_block({pos={ -1.2,  3.0, 11.4}, size={ 1.0, 3.0, 1.0}, color=0x00ffff})
place_block({pos={ -3.8,  4.0, 12.6}, size={ 1.0, 4.0, 1.0}, color=0x00ffff})
place_block({pos={ -4.6,  5.0,  9.8}, size={ 1.0, 5.0, 1.0}, color=0x00ffff})
place_block({pos={ -6.0,  6.0,  7.0}, size={ 1.0, 6.0, 1.0}, color=0x00ffff})
place_block({pos={ -6.4,  7.0,  3.8}, size={ 1.0, 7.0, 1.0}, color=0x00ffff})
place_block({pos={ -3.0,  8.0,  3.4}, size={ 1.0, 8.0, 1.0}, color=0x00ffff})
block = place_block({pos={ -5.6,  1.5, 18.6}, size={ 5.0, 1.5, 1.0}, color=0x0000ff}); rotate_block(block, {angle=138.0})
block = place_block({pos={  3.0,  1.5, 19.8}, size={ 6.0, 1.5, 1.0}, color=0x0000ff}); rotate_block(block, {angle= 42.0})
block = place_block({pos={  0.4, 18.2,  3.4}, size={ 1.0, 0.2, 1.0}, color=0xff0000}); rotate_block(block, {angle= 80.0})
block = place_block({pos={  4.8, 18.2,  8.2}, size={ 1.0, 0.2, 1.0}, color=0xff0000}); rotate_block(block, {angle=  4.0})
block = place_block({pos={  4.8, 18.2, 14.8}, size={ 1.0, 0.2, 1.0}, color=0xff0000}); rotate_block(block, {angle= 42.0})
block = place_block({pos={  7.4, 18.2, 21.6}, size={ 1.0, 0.2, 1.0}, color=0xff0000}); rotate_block(block, {angle=167.0})
block = place_block({pos={  3.6, 18.2, 26.6}, size={ 1.0, 0.2, 1.0}, color=0xff0000}); rotate_block(block, {angle=137.0})
block = place_block({pos={ -2.6, 18.5, 22.4}, size={ 1.0, 2.5, 6.0}, color=0x007cff}); rotate_block(block, {angle= 34.0})
block = place_block({pos={  7.4, 18.5, 33.6}, size={ 1.0, 2.5, 6.0}, color=0x007cff}); rotate_block(block, {angle= 49.0})
block = place_block({pos={ -0.6, 18.2, 31.0}, size={ 1.0, 0.2, 1.0}, color=0xff0000}); rotate_block(block, {angle=137.0})
block = place_block({pos={ -2.6, 18.2, 35.2}, size={ 1.0, 0.2, 1.0}, color=0xff0000}); rotate_block(block, {angle=167.0})
place_block({pos={ -8.0, 21.1, 40.6}, size={ 1.0, 2.0, 4.0}, color=0x00ffff})
place_block({pos={  0.6, 21.1, 40.6}, size={ 1.0, 2.0, 4.0}, color=0x00ffff})
block = place_block({pos={ -2.4, 20.2, 42.6}, size={ 1.0, 0.2, 1.0}, color=0x0000ff}); rotate_block(block, {angle= 63.0})
place_block({pos={ -3.6, 18.5, 40.6}, size={ 4.0, 0.5, 4.0}, color=0xffffff})
place_block({pos={  4.4, 20.8, 41.0}, size={ 1.0, 0.2, 1.0}, color=0xff00ff})
block = place_block({pos={  8.2, 20.8, 39.8}, size={ 1.0, 0.2, 1.0}, color=0xff00ff}); rotate_block(block, {angle=118.0})
block = place_block({pos={ -8.2,  2.5, 61.0}, size={10.0, 0.5, 2.0}, color=0x00ff00}); rotate_block(block, {angle=135.0})
place_block({pos={  7.4,  2.5,-15.0}, size={ 2.0, 0.5,10.0}, color=0x00ff00})
block = place_block({pos={  8.0,  2.5, 55.2}, size={10.0, 0.5, 2.0}, color=0x00ff00}); rotate_block(block, {angle= 45.0})
