function next()
  load_map("lvl_0004.map")
end
place_gem({pos={4,10.9,8.2}, record="lvl_0003.rec", action=next})
place_block({pos={4,10.25,8.2}, size={1,0.25,1}, color=0x9fdfef})
block = place_block({pos={-2.4,0.75,3.8}, size={1,0.25,1}, color=0x00ffff}); rotate_block(block, {angle=65})
block = place_block({pos={-5,1.75,7.6}, size={1.5,0.25,1}, color=0x00ffff}); rotate_block(block, {angle=40})
block = place_block({pos={-8.2,2.75,13.4}, size={2,0.25,1}, color=0x00ffff}); rotate_block(block, {angle=70})
block = place_block({pos={-9.8,3.75,20}, size={2.5,0.25,1}, color=0x00ffff}); rotate_block(block, {angle=85})
block = place_block({pos={-9.6,4.75,27.6}, size={3,0.25,1}, color=0x00ffff}); rotate_block(block, {angle=100})
block = place_block({pos={-7.6,5.75,35.6}, size={3.5,0.25,1}, color=0x00ffff}); rotate_block(block, {angle=110})
block = place_block({pos={-3.6,6.75,44}, size={4,0.25,1}, color=0x00ffff}); rotate_block(block, {angle=125})
block = place_block({pos={0.8,3.5,44.8}, size={1,3.5,1}, color=0x0000ff}); rotate_block(block, {angle=125})
block = place_block({pos={10.2,5,38}, size={1,5,1}, color=0x0000ff}); rotate_block(block, {angle=125})
block = place_block({pos={3.4,3.5,28.6}, size={1,3.5,1}, color=0x0000ff}); rotate_block(block, {angle=125})
block = place_block({pos={5.4,5.5,41.4}, size={0.8,0.5,5}, color=0xff00ff}); rotate_block(block, {angle=125})
block = place_block({pos={6.8,5.5,33.4}, size={0.8,0.5,5}, color=0xff00ff}); rotate_block(block, {angle=35})
block = place_block({pos={4,4.5,22.2}, size={1,4.5,1}, color=0x0000ff}); rotate_block(block, {angle=135})
place_block({pos={4,7.5,22.2}, size={3,0.5,3}, color=0xffff00})
place_block({pos={4,9.25,18.2}, size={1,0.25,1}, color=0xffffff})
place_block({pos={4,9.25,14.8}, size={1,0.25,1}, color=0xffffff})
place_block({pos={4,9.25,11.4}, size={1,0.25,1}, color=0xffffff})
