function next()
  load_map("lvl_0007.map")
end
place_gem({pos={1.8,20.4,32.4}, record="lvl_0006.rec", action=next})
block = place_block({pos={1.8,19.75,32.4}, size={1,0.25,1}, color=0xffffff}); rotate_block(block, {angle=110})
place_block({pos={-4.6,2.5,9.6}, size={0.5,0.5,3}, color=0xffff00})
place_block({pos={-0.6,3.5,13.6}, size={3,0.5,0.5}, color=0xffff00})
place_block({pos={3.4,4.5,9.6}, size={0.5,0.5,3}, color=0xffff00})
place_block({pos={-0.6,5.5,5.6}, size={3,0.5,0.5}, color=0xffff00})
place_block({pos={-4.6,6.5,9.6}, size={0.5,0.5,3}, color=0xffff00})
place_block({pos={-0.6,7.5,13.6}, size={3,0.5,0.5}, color=0xffff00})
place_block({pos={3.4,8.5,9.6}, size={0.5,0.5,3}, color=0xffff00})
place_block({pos={1.4,9.5,5.6}, size={1,0.5,0.5}, color=0xffff00})
place_block({pos={-4.6,6.5,13.6}, size={1,5.5,1}, color=0x0000ff})
place_block({pos={3.4,6.5,13.6}, size={1,5.5,1}, color=0x0000ff})
place_block({pos={3.4,6.5,5.6}, size={1,5.5,1}, color=0x0000ff})
place_block({pos={-4.6,6.5,5.6}, size={1,5.5,1}, color=0x0000ff})
block = place_block({pos={-4.6,12.15,5.6}, size={1.4,0.15,1.4}, color=0x0000ff}); rotate_block(block, {angle=135})
place_block({pos={-4.6,12.45,5.6}, size={2,0.15,2}, color=0x0000ff})
block = place_block({pos={-4.6,12.75,5.6}, size={2.8,0.15,2.8}, color=0x0000ff}); rotate_block(block, {angle=135})
block = place_block({pos={3.4,12.15,13.6}, size={1.4,0.15,1.4}, color=0x0000ff}); rotate_block(block, {angle=135})
place_block({pos={3.4,12.45,13.6}, size={2,0.15,2}, color=0x0000ff})
block = place_block({pos={3.4,12.75,13.6}, size={2.8,0.15,2.8}, color=0x0000ff}); rotate_block(block, {angle=135})
place_block({pos={-0.6,0.5,9.6}, size={5,0.5,5}, color=0xffffff})
block = place_block({pos={-5.6,11.75,19.6}, size={1,0.25,1}, color=0xff00ff}); rotate_block(block, {angle=70})
block = place_block({pos={-7.2,11.75,24.8}, size={1,0.25,1}, color=0xff00ff}); rotate_block(block, {angle=70})
block = place_block({pos={-7.8,11.75,30.2}, size={1,0.25,1}, color=0xff00ff}); rotate_block(block, {angle=85})
block = place_block({pos={-7.2,11.75,35.6}, size={1,0.25,1}, color=0xff00ff}); rotate_block(block, {angle=105})
block = place_block({pos={-4.8,11.75,40}, size={1,0.25,1}, color=0xff00ff}); rotate_block(block, {angle=45})
block = place_block({pos={-0.2,11.75,42.6}, size={1,0.25,1}, color=0xff00ff}); rotate_block(block, {angle=70})
place_block({pos={5.2,11.75,42.8}, size={1,0.25,1}, color=0xff00ff})
place_block({pos={10.8,11,43.2}, size={1,1,20}, color=0x00ffff})
place_block({pos={13.6,13,24.2}, size={1,1,1}, color=0x8e5db8})
place_block({pos={13.8,13,62.2}, size={1,1,1}, color=0x8e5db8})
place_block({pos={13.6,15,27.4}, size={1,1,1}, color=0x8e5db8})
place_block({pos={13.8,15,58.8}, size={1,1,1}, color=0x8e5db8})
place_block({pos={13.6,17,30.6}, size={1,1,1}, color=0x8e5db8})
place_block({pos={13.8,17,55.6}, size={1,1,1}, color=0x8e5db8})
place_block({pos={13.6,19,33.8}, size={1,1,1}, color=0x8e5db8})
place_block({pos={13.6,21,37}, size={1,1,1}, color=0x8e5db8})
place_block({pos={13.8,21,49.2}, size={1,1,1}, color=0x8e5db8})
place_block({pos={13.6,23,40}, size={1,1,1}, color=0x8e5db8})
place_block({pos={13.8,23,46.2}, size={1,1,1}, color=0x8e5db8})
place_block({pos={2.6,25,43}, size={13,1,1}, color=0x00ffff})
place_block({pos={-9.4,23,31}, size={1,1,13}, color=0x00ffff})
place_block({pos={2.6,21,19}, size={13,1,1}, color=0x00ffff})
block = place_block({pos={7.6,15,18.4}, size={12,5,1}, color=0x2482e3}); rotate_block(block, {angle=55})
block = place_block({pos={1.6,7.5,31}, size={6,0.5,6}, color=0xffffff}); rotate_block(block, {angle=175})
block = place_block({pos={-3.2,9.5,25}, size={1,0.5,1}, color=0xff00ff}); rotate_block(block, {angle=110})
