place_gem({pos={3.4,42.4,27.2}, record="lvl_0005.rec"})
block = place_block({pos={  3.4, 40.5, 27.2}, size={ 1.5, 1.5, 1.5}, color=0x0000ff}); rotate_block(block, {angle=135.0})
place_block({pos={ -5.0, 46.2, 40.0}, size={ 1.0, 0.2,11.0}, color=0xffffff})
place_block({pos={ -5.0, 22.2, 55.0}, size={ 1.0,22.2, 1.0}, color=0x40ffff})
place_block({pos={ -5.0,  2.2, 52.5}, size={ 0.5, 0.2, 1.5}, color=0x40ffff})
place_block({pos={  0.0, 42.2, 55.0}, size={ 1.0, 0.2, 1.0}, color=0x40ff80})
place_block({pos={  5.0, 40.2, 55.0}, size={ 1.0, 0.2, 1.0}, color=0x40ff00})
place_block({pos={  5.0, 38.2, 60.0}, size={ 1.0, 0.2, 1.0}, color=0x40ff00})
place_block({pos={  0.0, 36.2, 60.0}, size={ 1.0, 0.2, 1.0}, color=0x40ff00})
place_block({pos={  0.0, 34.2, 55.0}, size={ 1.0, 0.2, 1.0}, color=0x40ff00})
place_block({pos={  5.0, 32.2, 55.0}, size={ 1.0, 0.2, 1.0}, color=0x40ff00})
place_block({pos={  5.0, 30.2, 60.0}, size={ 1.0, 0.2, 1.0}, color=0x40ff00})
place_block({pos={  0.0, 28.2, 60.0}, size={ 1.0, 0.2, 1.0}, color=0x40ff00})
place_block({pos={  0.0, 26.2, 55.0}, size={ 1.0, 0.2, 1.0}, color=0x40ff00})
place_block({pos={  5.0, 24.2, 55.0}, size={ 1.0, 0.2, 1.0}, color=0x40ff00})
place_block({pos={  5.0, 22.2, 60.0}, size={ 1.0, 0.2, 1.0}, color=0x40ff00})
place_block({pos={  0.0, 20.2, 60.0}, size={ 1.0, 0.2, 1.0}, color=0x808000})
place_block({pos={  2.0, 19.2, 57.0}, size={ 1.0, 0.2, 1.0}, color=0xff4000})
place_block({pos={ -2.0, 18.2, 54.0}, size={ 1.0, 0.2, 1.0}, color=0xff4000})
place_block({pos={  2.0, 17.2, 51.0}, size={ 1.0, 0.2, 1.0}, color=0xff4000})
place_block({pos={ -2.0, 16.2, 48.0}, size={ 1.0, 0.2, 1.0}, color=0xff4000})
place_block({pos={  2.0, 15.2, 45.0}, size={ 1.0, 0.2, 1.0}, color=0xff4000})
place_block({pos={ -2.0, 14.2, 42.0}, size={ 1.0, 0.2, 1.0}, color=0xff4000})
place_block({pos={  2.0, 13.2, 39.0}, size={ 1.0, 0.2, 1.0}, color=0xff4000})
place_block({pos={ -2.0, 12.2, 36.0}, size={ 1.0, 0.2, 1.0}, color=0xff4000})
place_block({pos={  2.0, 11.2, 33.0}, size={ 1.0, 0.2, 1.0}, color=0xff4000})
place_block({pos={ -2.0, 10.2, 30.0}, size={ 1.0, 0.2, 1.0}, color=0xff4000})
block = place_block({pos={ 11.5,  1.0, 22.1}, size={ 1.0, 1.0, 1.0}, color=0x800000}); rotate_block(block, {angle= 81.0})
block = place_block({pos={  7.5,  2.0, 21.5}, size={ 1.0, 2.0, 1.0}, color=0x800000}); rotate_block(block, {angle= 81.0})
block = place_block({pos={ -0.3,  4.2, 21.0}, size={ 5.0, 4.2, 5.0}, color=0x00ffff}); rotate_block(block, {angle= 53.0})
block = place_block({pos={ -0.3,  9.0, 21.0}, size={ 6.5, 0.5, 6.5}, color=0x0000ff}); rotate_block(block, {angle= 53.0})
block = place_block({pos={ -5.3,  1.5, 14.5}, size={ 1.5, 1.5, 1.5}, color=0xffffff}); rotate_block(block, {angle= 11.0})
block = place_block({pos={ -1.3,  0.5, 13.0}, size={ 0.1, 0.5, 1.2}, color=0x4080ff}); rotate_block(block, {angle=  9.0})
block = place_block({pos={ -3.9,  0.5, 12.2}, size={ 2.5, 0.5, 0.1}, color=0x4080ff}); rotate_block(block, {angle=  9.0})
block = place_block({pos={ -0.1,  2.5, 12.7}, size={ 0.5, 2.5, 0.5}, color=0x004080}); rotate_block(block, {angle= 20.0})
block = place_block({pos={  7.4,  1.8, 12.5}, size={ 1.5, 1.8, 1.5}, color=0x800040}); rotate_block(block, {angle= 49.0})
block = place_block({pos={  7.4,  3.8, 12.5}, size={ 2.5, 0.2, 2.5}, color=0xff0080}); rotate_block(block, {angle= 49.0})
block = place_block({pos={  7.2,  5.2,  9.7}, size={ 0.5, 1.2, 0.5}, color=0xff0080}); rotate_block(block, {angle= 49.0})
block = place_block({pos={  7.6,  5.2, 15.3}, size={ 0.5, 1.2, 0.5}, color=0xff0080}); rotate_block(block, {angle= 49.0})
block = place_block({pos={  4.6,  5.2, 12.7}, size={ 0.5, 1.2, 0.5}, color=0xff0080}); rotate_block(block, {angle= 49.0})
block = place_block({pos={ 10.2,  5.2, 12.3}, size={ 0.5, 1.2, 0.5}, color=0xff0080}); rotate_block(block, {angle= 49.0})
block = place_block({pos={  7.4,  6.8, 12.5}, size={ 2.5, 0.2, 2.5}, color=0xff0080}); rotate_block(block, {angle= 49.0})
block = place_block({pos={  2.2,  4.5, 11.9}, size={ 2.0, 0.5, 0.5}, color=0x004080}); rotate_block(block, {angle= 20.0})
block = place_block({pos={  4.5,  2.5, 11.1}, size={ 0.5, 2.5, 0.5}, color=0x004080}); rotate_block(block, {angle=110.0})
block = place_block({pos={ -5.6,  1.5, 10.0}, size={ 1.5, 1.5, 1.5}, color=0xffffff}); rotate_block(block, {angle=170.0})
block = place_block({pos={ -4.9,  1.5,  6.4}, size={ 1.5, 1.5, 1.5}, color=0xffffff}); rotate_block(block, {angle=167.0})
block = place_block({pos={  4.5,  1.5,  5.3}, size={ 2.0, 1.5, 2.0}, color=0x80c0ff}); rotate_block(block, {angle=100.0})
block = place_block({pos={  4.5,  3.2,  5.3}, size={ 2.5, 0.2, 2.5}, color=0x404040}); rotate_block(block, {angle=100.0})
block = place_block({pos={ -4.5,  1.5,  3.0}, size={ 1.5, 1.5, 1.5}, color=0xffffff}); rotate_block(block, {angle=179.0})
block = place_block({pos={  0.0,  2.8,  0.0}, size={ 2.0, 0.2, 2.0}, color=0x008000}); rotate_block(block, {angle= 45.0})
block = place_block({pos={  0.0,  1.2, -2.5}, size={ 0.2, 1.2, 0.2}, color=0x004000}); rotate_block(block, {angle= 45.0})
