place_gem({pos={5,10.9,69.4}, record="lvl_0000.rec"})
place_block({pos={5,10.25,69.4}, size={1,0.25,1}, color=0x808080})
block = place_block({pos={-1.6,0.25,3.2}, size={1,0.25,1}, color=0xffffff}); rotate_block(block, {angle=152})
block = place_block({pos={-3.6,2.25,7}, size={1,0.25,1}, color=0xffffff}); rotate_block(block, {angle=168})
block = place_block({pos={-5.1,4.25,11}, size={1,0.25,1}, color=0xffffff}); rotate_block(block, {angle=67})
block = place_block({pos={-5.8,6.25,15}, size={1,0.25,1}, color=0xffffff}); rotate_block(block, {angle=105})
block = place_block({pos={-5.6,8.25,19.2}, size={1,0.25,1}, color=0xffffff}); rotate_block(block, {angle=164})
block = place_block({pos={-8.1,12.5,32.2}, size={9,2.5,1}, color=0x69fe0c}); rotate_block(block, {angle=102})
block = place_block({pos={0.8,12.5,29.6}, size={9,2.5,1}, color=0x69fe0c}); rotate_block(block, {angle=107})
block = place_block({pos={0.6,12.5,46.4}, size={9,2.5,1}, color=0x69fe0c}); rotate_block(block, {angle=57})
block = place_block({pos={-9.1,12.5,60}, size={9,2.5,1}, color=0x69fe0c}); rotate_block(block, {angle=112})
block = place_block({pos={-9.8,12.5,45.8}, size={5,2.5,1}, color=0x69fe0c}); rotate_block(block, {angle=42})
block = place_block({pos={-1.2,12.5,59.2}, size={5,2.5,1}, color=0x69fe0c}); rotate_block(block, {angle=132})
place_block({pos={-5.8,5,26.6}, size={5,5,5}, color=0x404080})
place_block({pos={-1.4,5,39}, size={5,5,5}, color=0x404080})
place_block({pos={-8.1,5,51}, size={5,5,5}, color=0x404080})
place_block({pos={-2.8,5,64.4}, size={5,5,5}, color=0x404080})
