place_gem({pos={-2.8,12.9,46.4}, record="lvl_0007.rec"})
place_block({pos={ -2.8, 12.2, 46.4}, size={ 1.0, 0.2, 1.0}, color=0xffffff})
block = place_block({pos={  0.0, 11.5, 11.8}, size={ 1.0, 0.5,12.0}, color=0x00004f}); rotate_block(block, {angle= 15.0})
block = place_block({pos={  0.0, 10.5, 11.8}, size={ 2.0, 0.5,11.0}, color=0x00005f}); rotate_block(block, {angle= 30.0})
block = place_block({pos={  0.0,  9.5, 11.8}, size={ 3.0, 0.5,10.0}, color=0x00006f}); rotate_block(block, {angle= 45.0})
block = place_block({pos={  0.0,  8.5, 11.8}, size={ 4.0, 0.5, 9.0}, color=0x00007f}); rotate_block(block, {angle= 60.0})
block = place_block({pos={  0.0,  7.5, 11.8}, size={ 5.0, 0.5, 8.0}, color=0x00008f}); rotate_block(block, {angle= 75.0})
place_block({pos={ 11.8,  6.5,  0.0}, size={ 7.0, 0.5, 6.0}, color=0x00009f})
block = place_block({pos={  0.0,  5.5, 11.8}, size={ 7.0, 0.5, 6.0}, color=0x0000af}); rotate_block(block, {angle=105.0})
block = place_block({pos={  0.0,  4.5, 11.8}, size={ 8.0, 0.5, 5.0}, color=0x0000bf}); rotate_block(block, {angle=120.0})
block = place_block({pos={  0.0,  3.5, 11.8}, size={ 9.0, 0.5, 4.0}, color=0x0000cf}); rotate_block(block, {angle=135.0})
block = place_block({pos={  0.0,  2.5, 11.8}, size={10.0, 0.5, 3.0}, color=0x0000df}); rotate_block(block, {angle=150.0})
block = place_block({pos={  0.0,  1.5, 11.8}, size={11.0, 0.5, 2.0}, color=0x0000ef}); rotate_block(block, {angle=165.0})
place_block({pos={  0.0,  0.5, 11.8}, size={12.0, 0.5, 1.0}, color=0x0000ff})
place_block({pos={  0.0, 10.5,  0.0}, size={ 1.0, 0.5, 1.0}, color=0x00ffff})
block = place_block({pos={  5.4, 10.5,  0.6}, size={ 1.0, 0.5, 1.0}, color=0x00ffff}); rotate_block(block, {angle=160.0})
block = place_block({pos={  9.6, 10.5,  3.6}, size={ 1.0, 0.5, 1.0}, color=0x00ffff}); rotate_block(block, {angle=130.0})
block = place_block({pos={ 12.4, 10.5,  8.2}, size={ 1.0, 0.5, 1.0}, color=0x00ffff}); rotate_block(block, {angle=100.0})
place_block({pos={ 13.0, 11.2, 21.2}, size={ 1.0, 0.2, 7.5}, color=0x88017b})
block = place_block({pos={ 12.6, 12.2, 31.0}, size={ 0.2, 0.2, 0.2}, color=0x47ff00}); rotate_block(block, {angle=168.0})
block = place_block({pos={ 11.6, 12.2, 34.4}, size={ 0.2, 0.2, 0.2}, color=0x47ff00}); rotate_block(block, {angle=152.0})
block = place_block({pos={  8.0, 12.2, 36.6}, size={ 0.2, 0.2, 0.2}, color=0x47ff00}); rotate_block(block, {angle= 76.0})
block = place_block({pos={  4.6, 12.2, 37.4}, size={ 0.2, 0.2, 0.2}, color=0x47ff00}); rotate_block(block, {angle= 72.0})
block = place_block({pos={  1.0, 12.2, 39.4}, size={ 0.2, 0.2, 0.2}, color=0x47ff00}); rotate_block(block, {angle= 82.0})
block = place_block({pos={ -1.2, 12.2, 41.8}, size={ 0.2, 0.2, 0.2}, color=0x47ff00}); rotate_block(block, {angle=175.0})
