place_gem({pos={0,16.9,13}, record="lvl_0008.rec", action=quit})
place_block({pos={0,16.25,13}, size={1,0.25,1}, color=0x808080})
place_block({pos={0,12.25,59}, size={1,0.25,1}, color=0x7f7f7f})
place_block({pos={0,7.25,54}, size={1,7.25,1}, color=0x404080})
place_block({pos={0,12.25,47}, size={1,0.25,1}, color=0x7f7f7f})
place_block({pos={0,7.25,42}, size={1,7.25,1}, color=0x404080})
place_block({pos={0,12.25,35}, size={1,0.25,1}, color=0x7f7f7f})
place_block({pos={0,7.25,30}, size={1,7.25,1}, color=0x404080})
place_block({pos={0,12.25,23}, size={1,0.25,1}, color=0x7f7f7f})
place_block({pos={0,7.25,18}, size={1,7.25,1}, color=0x404080})
place_block({pos={0,5,60}, size={5,5,5}, color=0x0000ff})
place_block({pos={0,4,48}, size={5,4,5}, color=0x0000ff})
place_block({pos={0,3,36}, size={5,3,5}, color=0x0000ff})
place_block({pos={0,2,24}, size={5,2,5}, color=0x0000ff})
place_block({pos={0,1,12}, size={5,1,5}, color=0x0000ff})
block = place_block({pos={3.4,10.25,63.2}, size={0.1,0.25,0.1}, color=0x00ffff}); rotate_block(block, {angle=168})
block = place_block({pos={-4.1,8.25,46.6}, size={0.1,0.25,0.1}, color=0x00ffff}); rotate_block(block, {angle=152})
block = place_block({pos={0.2,6.25,37.2}, size={0.1,0.25,0.1}, color=0x00ffff}); rotate_block(block, {angle=76})
block = place_block({pos={2.6,4.25,20.6}, size={0.1,0.25,0.1}, color=0x00ffff}); rotate_block(block, {angle=72})
block = place_block({pos={0,2.25,8}, size={0.1,0.25,0.1}, color=0x00ffff}); rotate_block(block, {angle=82})
block = place_block({pos={-1.2,10.25,56.6}, size={0.1,0.25,0.1}, color=0x00ffff}); rotate_block(block, {angle=50})
block = place_block({pos={3,8.25,43.8}, size={0.1,0.25,0.1}, color=0x00ffff}); rotate_block(block, {angle=31})
block = place_block({pos={-2.6,6.25,35.2}, size={0.1,0.25,0.1}, color=0x00ffff}); rotate_block(block, {angle=164})
block = place_block({pos={0,4.25,24.8}, size={0.1,0.25,0.1}, color=0x00ffff}); rotate_block(block, {angle=105})
block = place_block({pos={-3.1,2.25,16.2}, size={0.1,0.25,0.1}, color=0x00ffff}); rotate_block(block, {angle=67})
block = place_block({pos={0.4,12.75,22.8}, size={0.1,0.25,0.1}, color=0x00ffff}); rotate_block(block, {angle=175})
block = place_block({pos={0.6,12.75,46.2}, size={0.1,0.25,0.1}, color=0x00ffff}); rotate_block(block, {angle=76})
block = place_block({pos={0.8,14.75,30.6}, size={0.1,0.25,0.1}, color=0x00ffff}); rotate_block(block, {angle=46})
