place_gem({pos={6.8,21.9,42.4}, record="lvl_0002.rec"})
block = place_block({pos={  6.8, 21.2, 42.4}, size={ 1.0, 0.2, 1.0}, color=0x4f6fcf}); rotate_block(block, {angle=160.0})
place_block({pos={ -0.2,  0.2,  5.2}, size={ 1.0, 0.2, 1.0}, color=0xffffff})
place_block({pos={ -0.2,  1.2,  9.2}, size={ 1.0, 0.2, 1.0}, color=0xffffff})
place_block({pos={ -0.2,  2.2, 12.8}, size={ 1.0, 0.2, 1.0}, color=0xffffff})
block = place_block({pos={  2.8,  2.8, 21.4}, size={ 1.0, 2.8, 1.0}, color=0x0000ff}); rotate_block(block, {angle=160.0})
block = place_block({pos={  3.0,  3.5, 21.6}, size={ 5.0, 0.5, 5.0}, color=0x00ffff}); rotate_block(block, {angle=135.0})
block = place_block({pos={  6.2,  6.0, 24.0}, size={ 1.0, 1.0, 1.0}, color=0xff0000}); rotate_block(block, {angle=120.0})
block = place_block({pos={  7.0,  7.0, 28.4}, size={ 1.0, 1.0, 1.0}, color=0xff0000}); rotate_block(block, {angle= 85.0})
block = place_block({pos={  6.4,  8.0, 32.6}, size={ 1.0, 1.0, 1.0}, color=0xff0000}); rotate_block(block, {angle= 55.0})
place_block({pos={  2.6,  5.0, 35.6}, size={ 1.0, 5.0, 1.0}, color=0xffff00})
place_block({pos={ -0.6,  5.0, 35.6}, size={ 1.0, 5.0, 1.0}, color=0xffff00})
place_block({pos={ -4.2,  5.0, 35.6}, size={ 1.0, 5.0, 1.0}, color=0xffff00})
place_block({pos={ -8.0,  5.0, 35.4}, size={ 1.0, 5.0, 1.0}, color=0xffff00})
place_block({pos={-11.8,  5.0, 35.4}, size={ 1.0, 5.0, 1.0}, color=0xffff00})
place_block({pos={-11.8, 10.2, 31.6}, size={ 1.0, 0.2, 1.0}, color=0x82ff82})
place_block({pos={-11.8, 11.2, 28.6}, size={ 1.0, 0.2, 1.0}, color=0x82ff82})
place_block({pos={-13.0, 12.2, 25.6}, size={ 1.0, 0.2, 1.0}, color=0x82ff82})
place_block({pos={-11.8, 14.2, 22.6}, size={ 1.0, 0.2, 1.0}, color=0x82ff82})
place_block({pos={-10.4, 16.2, 25.6}, size={ 1.0, 0.2, 1.0}, color=0x82ff82})
place_block({pos={-11.8, 17.2, 28.6}, size={ 1.0, 0.2, 1.0}, color=0x82ff82})
place_block({pos={-11.8, 18.2, 31.6}, size={ 1.0, 0.2, 1.0}, color=0x82ff82})
place_block({pos={-11.8, 19.2, 35.4}, size={ 1.0, 0.2, 1.0}, color=0x82ff82})
place_block({pos={ -8.0, 19.2, 35.4}, size={ 1.0, 0.2, 1.0}, color=0x82ff82})
place_block({pos={ -4.2, 19.2, 35.6}, size={ 1.0, 0.2, 1.0}, color=0x82ff82})
place_block({pos={ -0.6, 19.2, 35.6}, size={ 1.0, 0.2, 1.0}, color=0x82ff82})
place_block({pos={  2.6, 19.2, 35.6}, size={ 1.0, 0.2, 1.0}, color=0x82ff82})
block = place_block({pos={  6.8, 10.0, 42.0}, size={ 4.0,10.0, 4.0}, color=0x0000ff}); rotate_block(block, {angle=120.0})
block = place_block({pos={-11.6,  0.5, 47.0}, size={ 5.0, 0.5, 2.0}, color=0xdf00df}); rotate_block(block, {angle=135.0})
block = place_block({pos={  0.8,  0.5, 52.0}, size={ 5.0, 0.5, 2.0}, color=0xdf00df}); rotate_block(block, {angle=171.0})
block = place_block({pos={ 14.0,  0.5, 49.4}, size={ 5.0, 0.5, 2.0}, color=0xdf00df}); rotate_block(block, {angle= 25.0})
block = place_block({pos={ -9.8,  0.5,  0.6}, size={ 5.0, 0.5, 2.0}, color=0xdf00df}); rotate_block(block, {angle= 25.0})
block = place_block({pos={  8.4,  0.5,  2.2}, size={ 5.0, 0.5, 2.0}, color=0xdf00df}); rotate_block(block, {angle=135.0})
block = place_block({pos={ -1.2,  0.5, 63.8}, size={ 5.0, 0.5, 2.0}, color=0xdf00df}); rotate_block(block, {angle= 81.0})
block = place_block({pos={-11.8,  0.5, 18.4}, size={ 5.0, 0.5, 2.0}, color=0xdf00df}); rotate_block(block, {angle= 81.0})
