-- A ferris wheel

info = {
  RADIUS =  9,
  HEIGHT = 12,
  WIDTH  =  8,
  DEPTH  =  2,
  AMOUNT = 11,
};

-- base
function feriswheel_base(info)
  place_block({pos={0,0.2,0}, size={info.WIDTH,0.2,info.DEPTH}, color=0x909090});
  place_block({pos={0,0.25,-info.DEPTH-0.1}, size={info.DEPTH-0.5,0.05,0.1}, color=0x60ffff});
  place_block({pos={0,0.15,-info.DEPTH-0.2}, size={info.DEPTH-0.3,0.05,0.2}, color=0x90ffff});
  place_block({pos={0,0.05,-info.DEPTH-0.3}, size={info.DEPTH-0.1,0.05,0.3}, color=0x60ffff});
  side_width = info.WIDTH - 0.5;
  side_length = math.hypot(info.HEIGHT-0.1, side_width)/2
  block1 = place_block({pos={ side_width/2,info.HEIGHT/2+0.2,info.DEPTH-0.12}, size={0.2,side_length,0.1}, color=0x606060});
  block2 = place_block({pos={-side_width/2,info.HEIGHT/2+0.2,info.DEPTH-0.12}, size={0.2,side_length,0.1}, color=0x606060});
  side_angle = math.deg(math.atan2(side_width, info.HEIGHT-0.1));
  rotate_block(block1, {angle=side_angle, axis={0,0,1}});
  rotate_block(block2, {angle=-side_angle, axis={0,0,1}});
  place_block({pos={0,info.HEIGHT/2+0.2,info.DEPTH-0.12}, size={side_width/2,0.2,0.08}, color=0x606060});
  place_block({pos={0,info.HEIGHT,info.DEPTH-0.12}, size={1,1,0.12}, color=0x9090ff});
  motor = place_block({pos={0,info.HEIGHT,0}, size={0.2,0.2,info.DEPTH-0.24}, color=0x606060});
  rotate_block(motor, {angle=45, axis={0,0,1}});
end

-- wheel
function feriswheel_wheel(info)
  radius = info.RADIUS/2;
  offset = info.DEPTH-0.5;
  hang = 180/info.AMOUNT;
  side_length = radius*math.sin(math.rad(hang));
  side_radius = radius*math.cos(math.rad(hang));
  block_list={};
  for i = 0,info.AMOUNT-1 do
    ang = -90+360*i/info.AMOUNT;
    x = math.cos(math.rad(ang)) * radius;
    y = math.sin(math.rad(ang)) * radius + info.HEIGHT;
    ex = math.cos(math.rad(ang)) * info.RADIUS;
    ey = math.sin(math.rad(ang)) * info.RADIUS + info.HEIGHT;
    sx = math.cos(math.rad(ang+hang)) * side_radius;
    sy = math.sin(math.rad(ang+hang)) * side_radius + info.HEIGHT;
    block = place_block({pos={x,y,offset}, size={radius,0.1,0.1}, color=0xffffff});
    rotate_block(block, {angle=45, axis={1,0,0}});
    rotate_block(block, {angle=ang, axis={0,0,1}});
    block_list[#block_list+1] = block;
    block = place_block({pos={x,y,-offset}, size={radius,0.1,0.1}, color=0xffffff});
    rotate_block(block, {angle=45, axis={1,0,0}});
    rotate_block(block, {angle=ang, axis={0,0,1}});
    block_list[#block_list+1] = block;
    block = place_block({pos={x,y,0}, size={0.1,0.1,offset}, color=0xffffff});
    rotate_block(block, {angle=ang+45, axis={0,0,1}});
    block_list[#block_list+1] = block;
    block = place_block({pos={ex,ey,0}, size={0.1,0.1,offset}, color=0xffffff});
    rotate_block(block, {angle=ang+45, axis={0,0,1}});
    block_list[#block_list+1] = block;
    block = place_block({pos={sx,sy,offset}, size={0.1,side_length,0.1}, color=0xffffff});
    rotate_block(block, {angle=45, axis={0,1,0}});
    rotate_block(block, {angle=ang+hang, axis={0,0,1}});
    block_list[#block_list+1] = block;
    block = place_block({pos={sx,sy,-offset}, size={0.1,side_length,0.1}, color=0xffffff});
    rotate_block(block, {angle=45, axis={0,1,0}});
    rotate_block(block, {angle=ang+hang, axis={0,0,1}});
    block_list[#block_list+1] = block;
    
    tx = math.cos(math.rad(ang)) * (info.HEIGHT-1);
    ty = math.sin(math.rad(ang)) * (info.HEIGHT-1) + info.HEIGHT;
    block = place_block({pos={tx,ty,0}, size={0.1,offset,offset}, color=0x0000ff});
    rotate_block(block, {angle=ang, axis={0,0,1}});
    block_list[#block_list+1] = block;
  end
  obj = create_object(block_list, {0,info.HEIGHT,0});
  return obj;
end

feriswheel_base(info);
wheel = feriswheel_wheel(info);
rotate_object(wheel, {angle_vel=1, axis={0,0,1}, reset=1});

function tick(n)
  rotate_object(wheel, {angle=n, axis={0,0,1}, reset=1});
  update_object(wheel);
end
